#-----------------------------------------------------------
# Vivado v2023.2 (64-bit)
# SW Build 4029153 on Fri Oct 13 20:13:54 MDT 2023
# IP Build 4028589 on Sat Oct 14 00:45:43 MDT 2023
# SharedData Build 4025554 on Tue Oct 10 17:18:54 MDT 2023
# Start of session at: Wed Apr 30 14:05:10 2025
# Process ID: 39046
# Current directory: /scratch/asicfab/a/vkevat/Systolic-Array-for-Matrix-Multiplication/rtl
# Command line: vivado
# Log file: /scratch/asicfab/a/vkevat/Systolic-Array-for-Matrix-Multiplication/rtl/vivado.log
# Journal file: /scratch/asicfab/a/vkevat/Systolic-Array-for-Matrix-Multiplication/rtl/vivado.jou
# Running On: asicfab.ecn.purdue.edu, OS: Linux, CPU Frequency: 2295.805 MHz, CPU Physical cores: 32, Host memory: 269942 MB
#-----------------------------------------------------------
start_gui
WARNING: [Board 49-26] cannot add Board Part xilinx.com:vek280_es:part0:1.0 available at /package/eda/xilinx/Vivado/2023.2/data/xhub/boards/XilinxBoardStore/boards/Xilinx/vek280/es/rev_a/1.0/board.xml as part xcve2802-vsvh1760-2lp-e-s-es1 specified in board_part file is either invalid or not available
WARNING: [Board 49-26] cannot add Board Part xilinx.com:vek280_es:part0:1.1 available at /package/eda/xilinx/Vivado/2023.2/data/xhub/boards/XilinxBoardStore/boards/Xilinx/vek280/es/rev_a/1.1/board.xml as part xcve2802-vsvh1760-2lp-e-s-es1 specified in board_part file is either invalid or not available
WARNING: [Board 49-26] cannot add Board Part xilinx.com:vek280_es_revb:part0:1.0 available at /package/eda/xilinx/Vivado/2023.2/data/xhub/boards/XilinxBoardStore/boards/Xilinx/vek280/es/rev_b/1.0/board.xml as part xcve2802-vsvh1760-2mp-e-s-es1 specified in board_part file is either invalid or not available
WARNING: [Board 49-26] cannot add Board Part xilinx.com:vek280_es_revb:part0:1.1 available at /package/eda/xilinx/Vivado/2023.2/data/xhub/boards/XilinxBoardStore/boards/Xilinx/vek280/es/rev_b/1.1/board.xml as part xcve2802-vsvh1760-2mp-e-s-es1 specified in board_part file is either invalid or not available
WARNING: [Board 49-26] cannot add Board Part xilinx.com:vhk158_es:part0:1.0 available at /package/eda/xilinx/Vivado/2023.2/data/xhub/boards/XilinxBoardStore/boards/Xilinx/vhk158/es/1.0/board.xml as part xcvh1582-vsva3697-2mp-e-s-es1 specified in board_part file is either invalid or not available
WARNING: [Board 49-26] cannot add Board Part xilinx.com:vhk158_es:part0:1.1 available at /package/eda/xilinx/Vivado/2023.2/data/xhub/boards/XilinxBoardStore/boards/Xilinx/vhk158/es/1.1/board.xml as part xcvh1582-vsva3697-2mp-e-s-es1 specified in board_part file is either invalid or not available
WARNING: [Board 49-26] cannot add Board Part xilinx.com:zcu208ld:part0:2.0 available at /package/eda/xilinx/Vivado/2023.2/data/xhub/boards/XilinxBoardStore/boards/Xilinx/zcu208ld/production/2.0/board.xml as part xczu58dr-fsvg1517-2-i specified in board_part file is either invalid or not available
WARNING: [Board 49-26] cannot add Board Part xilinx.com:zcu216ld:part0:2.0 available at /package/eda/xilinx/Vivado/2023.2/data/xhub/boards/XilinxBoardStore/boards/Xilinx/zcu216ld/production/2.0/board.xml as part xczu59dr-ffvf1760-2-i specified in board_part file is either invalid or not available
WARNING: [Board 49-26] cannot add Board Part xilinx.com:zcu670:part0:2.0 available at /package/eda/xilinx/Vivado/2023.2/data/xhub/boards/XilinxBoardStore/boards/Xilinx/zcu670/2.0/board.xml as part xczu67dr-fsve1156-2-i specified in board_part file is either invalid or not available
WARNING: [Board 49-26] cannot add Board Part xilinx.com:zcu670ld:part0:1.0 available at /package/eda/xilinx/Vivado/2023.2/data/xhub/boards/XilinxBoardStore/boards/Xilinx/zcu670ld/1.0/board.xml as part xczu57dr-fsve1156-2-i specified in board_part file is either invalid or not available
open_project /scratch/asicfab/a/vkevat/Systolic-Array-for-Matrix-Multiplication/rtl/vivado_simulation/vivado_simulation.xpr
INFO: [filemgmt 56-3] Default IP Output Path : Could not find the directory '/scratch/asicfab/a/vkevat/Systolic-Array-for-Matrix-Multiplication/rtl/vivado_simulation/vivado_simulation.gen/sources_1'.
Scanning sources...
Finished scanning sources
INFO: [IP_Flow 19-234] Refreshing IP repositories
INFO: [IP_Flow 19-1704] No user IP repositories specified
INFO: [IP_Flow 19-2313] Loaded Vivado IP repository '/package/eda/xilinx/Vivado/2023.2/data/ip'.
update_compile_order -fileset sources_1
launch_simulation
Command: launch_simulation 
INFO: [Vivado 12-12493] Simulation top is 'systolic_array_tb'
INFO: [Vivado 12-5682] Launching behavioral simulation in '/scratch/asicfab/a/vkevat/Systolic-Array-for-Matrix-Multiplication/rtl/vivado_simulation/vivado_simulation.sim/sim_1/behav/xsim'
INFO: [SIM-utils-51] Simulation object is 'sim_1'
INFO: [SIM-utils-72] Using boost library from '/package/eda/xilinx/Vivado/2023.2/tps/boost_1_72_0'
INFO: [SIM-utils-54] Inspecting design source files for 'systolic_array_tb' in fileset 'sim_1'...
INFO: [USF-XSim-97] Finding global include files...
INFO: [USF-XSim-98] Fetching design files from 'sim_1'...
INFO: [USF-XSim-2] XSim::Compile design
INFO: [USF-XSim-61] Executing 'COMPILE and ANALYZE' step in '/scratch/asicfab/a/vkevat/Systolic-Array-for-Matrix-Multiplication/rtl/vivado_simulation/vivado_simulation.sim/sim_1/behav/xsim'
xvlog --incr --relax -L uvm -prj systolic_array_tb_vlog.prj
Waiting for jobs to finish...
No pending jobs, compilation finished.
INFO: [USF-XSim-69] 'compile' step finished in '1' seconds
INFO: [USF-XSim-3] XSim::Elaborate design
INFO: [USF-XSim-61] Executing 'ELABORATE' step in '/scratch/asicfab/a/vkevat/Systolic-Array-for-Matrix-Multiplication/rtl/vivado_simulation/vivado_simulation.sim/sim_1/behav/xsim'
xelab --incr --debug typical --relax --mt 8 -L xil_defaultlib -L uvm -L unisims_ver -L unimacro_ver -L secureip --snapshot systolic_array_tb_behav xil_defaultlib.systolic_array_tb xil_defaultlib.glbl -log elaborate.log
Vivado Simulator v2023.2
Copyright 1986-2022 Xilinx, Inc. All Rights Reserved.
Copyright 2022-2023 Advanced Micro Devices, Inc. All Rights Reserved.
Running: /package/eda/xilinx/Vivado/2023.2/bin/unwrapped/lnx64.o/xelab --incr --debug typical --relax --mt 8 -L xil_defaultlib -L uvm -L unisims_ver -L unimacro_ver -L secureip --snapshot systolic_array_tb_behav xil_defaultlib.systolic_array_tb xil_defaultlib.glbl -log elaborate.log 
Using 8 slave threads.
Starting static elaboration
Pass Through NonSizing Optimizer
Completed static elaboration
INFO: [XSIM 43-4323] No Change in HDL. Linking previously generated obj files to create kernel
INFO: [USF-XSim-69] 'elaborate' step finished in '1' seconds
INFO: [USF-XSim-4] XSim::Simulate design
INFO: [USF-XSim-61] Executing 'SIMULATE' step in '/scratch/asicfab/a/vkevat/Systolic-Array-for-Matrix-Multiplication/rtl/vivado_simulation/vivado_simulation.sim/sim_1/behav/xsim'
INFO: [USF-XSim-98] *** Running xsim
   with args "systolic_array_tb_behav -key {Behavioral:sim_1:Functional:systolic_array_tb} -tclbatch {systolic_array_tb.tcl} -log {simulate.log}"
INFO: [USF-XSim-8] Loading simulator feature
Time resolution is 1 ps
source systolic_array_tb.tcl
# set curr_wave [current_wave_config]
# if { [string length $curr_wave] == 0 } {
#   if { [llength [get_objects]] > 0} {
#     add_wave /
#     set_property needs_save false [current_wave_config]
#   } else {
#      send_msg_id Add_Wave-1 WARNING "No top level signals found. Simulator will start without a wave window. If you want to open a wave window go to 'File->New Waveform Configuration' or type 'create_wave_config' in the TCL console."
#   }
# }
# run 1000ns
start test

step = 0
[ 0 0 0 0 ]
[ 0 0 0 0 ]
[ 0 0 0 0 ]
[ 0 0 0 0 ]

step = 1
[ 0 0 0 0 ]
[ 0 0 0 0 ]
[ 0 0 0 0 ]
[ 0 0 0 0 ]

step = 2
[ 52 0 0 0 ]
[ 0 0 0 0 ]
[ 0 0 0 0 ]
[ 0 0 0 0 ]

step = 3
[ 79 56 0 0 ]
[ 104 0 0 0 ]
[ 0 0 0 0 ]
[ 0 0 0 0 ]

step = 4
[ 89 86 60 0 ]
[ 167 112 0 0 ]
[ 156 0 0 0 ]
[ 0 0 0 0 ]

step = 5
[ 90 98 93 64 ]
[ 197 182 120 0 ]
[ 255 168 0 0 ]
[ 208 0 0 0 ]

step = 6
[ 90 100 107 100 ]
[ 202 218 197 128 ]
[ 305 278 180 0 ]
[ 343 224 0 0 ]

step = 7
[ 90 100 110 116 ]
[ 202 228 239 212 ]
[ 314 338 301 192 ]
[ 413 374 240 0 ]
Matrix multiplication took 8 clock cycles.

Final product matrix:
[ 90 100 110 120 ]
[ 202 228 254 280 ]
[ 314 356 398 440 ]
[ 426 484 542 600 ]
$finish called at time : 135 ns : File "/scratch/asicfab/a/vkevat/Systolic-Array-for-Matrix-Multiplication/rtl/systolic_array_tb.sv" Line 158
INFO: [USF-XSim-96] XSim completed. Design snapshot 'systolic_array_tb_behav' loaded.
INFO: [USF-XSim-97] XSim simulation ran for 1000ns
launch_simulation: Time (s): cpu = 00:00:10 ; elapsed = 00:00:07 . Memory (MB): peak = 8360.465 ; gain = 157.305 ; free physical = 58233 ; free virtual = 168101
close_sim
INFO: [Simtcl 6-16] Simulation closed
launch_simulation
Command: launch_simulation 
INFO: [Vivado 12-12493] Simulation top is 'systolic_array_tb'
INFO: [Vivado 12-5682] Launching behavioral simulation in '/scratch/asicfab/a/vkevat/Systolic-Array-for-Matrix-Multiplication/rtl/vivado_simulation/vivado_simulation.sim/sim_1/behav/xsim'
INFO: [SIM-utils-51] Simulation object is 'sim_1'
INFO: [SIM-utils-72] Using boost library from '/package/eda/xilinx/Vivado/2023.2/tps/boost_1_72_0'
INFO: [SIM-utils-54] Inspecting design source files for 'systolic_array_tb' in fileset 'sim_1'...
INFO: [USF-XSim-97] Finding global include files...
INFO: [USF-XSim-98] Fetching design files from 'sim_1'...
INFO: [USF-XSim-2] XSim::Compile design
INFO: [USF-XSim-61] Executing 'COMPILE and ANALYZE' step in '/scratch/asicfab/a/vkevat/Systolic-Array-for-Matrix-Multiplication/rtl/vivado_simulation/vivado_simulation.sim/sim_1/behav/xsim'
xvlog --incr --relax -L uvm -prj systolic_array_tb_vlog.prj
INFO: [VRFC 10-2263] Analyzing SystemVerilog file "/scratch/asicfab/a/vkevat/Systolic-Array-for-Matrix-Multiplication/rtl/systolic_array_tb.sv" into library xil_defaultlib
INFO: [VRFC 10-311] analyzing module systolic_array_tb
Waiting for jobs to finish...
No pending jobs, compilation finished.
INFO: [USF-XSim-69] 'compile' step finished in '2' seconds
INFO: [USF-XSim-3] XSim::Elaborate design
INFO: [USF-XSim-61] Executing 'ELABORATE' step in '/scratch/asicfab/a/vkevat/Systolic-Array-for-Matrix-Multiplication/rtl/vivado_simulation/vivado_simulation.sim/sim_1/behav/xsim'
xelab --incr --debug typical --relax --mt 8 -L xil_defaultlib -L uvm -L unisims_ver -L unimacro_ver -L secureip --snapshot systolic_array_tb_behav xil_defaultlib.systolic_array_tb xil_defaultlib.glbl -log elaborate.log
Vivado Simulator v2023.2
Copyright 1986-2022 Xilinx, Inc. All Rights Reserved.
Copyright 2022-2023 Advanced Micro Devices, Inc. All Rights Reserved.
Running: /package/eda/xilinx/Vivado/2023.2/bin/unwrapped/lnx64.o/xelab --incr --debug typical --relax --mt 8 -L xil_defaultlib -L uvm -L unisims_ver -L unimacro_ver -L secureip --snapshot systolic_array_tb_behav xil_defaultlib.systolic_array_tb xil_defaultlib.glbl -log elaborate.log 
Using 8 slave threads.
Starting static elaboration
Pass Through NonSizing Optimizer
Completed static elaboration
Starting simulation data flow analysis
WARNING: [XSIM 43-4100] "/scratch/asicfab/a/vkevat/Systolic-Array-for-Matrix-Multiplication/rtl/vivado_simulation/vivado_simulation.sim/sim_1/behav/xsim/glbl.v" Line 6. Module glbl has a timescale but at least one module in design doesn't have timescale.
WARNING: [XSIM 43-4100] "/scratch/asicfab/a/vkevat/Systolic-Array-for-Matrix-Multiplication/rtl/vivado_simulation/vivado_simulation.sim/sim_1/behav/xsim/glbl.v" Line 6. Module glbl has a timescale but at least one module in design doesn't have timescale.
Completed simulation data flow analysis
Time Resolution for simulation is 1ps
Compiling module xil_defaultlib.pe
Compiling module xil_defaultlib.systolic_array_default
Compiling module xil_defaultlib.systolic_array_tb
Compiling module xil_defaultlib.glbl
Built simulation snapshot systolic_array_tb_behav
INFO: [USF-XSim-69] 'elaborate' step finished in '2' seconds
INFO: [USF-XSim-4] XSim::Simulate design
INFO: [USF-XSim-61] Executing 'SIMULATE' step in '/scratch/asicfab/a/vkevat/Systolic-Array-for-Matrix-Multiplication/rtl/vivado_simulation/vivado_simulation.sim/sim_1/behav/xsim'
INFO: [USF-XSim-98] *** Running xsim
   with args "systolic_array_tb_behav -key {Behavioral:sim_1:Functional:systolic_array_tb} -tclbatch {systolic_array_tb.tcl} -log {simulate.log}"
INFO: [USF-XSim-8] Loading simulator feature
Time resolution is 1 ps
source systolic_array_tb.tcl
# set curr_wave [current_wave_config]
# if { [string length $curr_wave] == 0 } {
#   if { [llength [get_objects]] > 0} {
#     add_wave /
#     set_property needs_save false [current_wave_config]
#   } else {
#      send_msg_id Add_Wave-1 WARNING "No top level signals found. Simulator will start without a wave window. If you want to open a wave window go to 'File->New Waveform Configuration' or type 'create_wave_config' in the TCL console."
#   }
# }
# run 1000ns
start test
step =           0
get_matrix_a[          3] =    13
get_matrix_b[          3] =     4
[         0          0          0          0 ]
[         0          0          0          0 ]
[         0          0          0          0 ]
[         0          0          0          0 ]
step =           1
get_matrix_a[          2] =     9
get_matrix_a[          3] =    14
get_matrix_b[          2] =     3
get_matrix_b[          3] =     8
[         0          0          0          0 ]
[         0          0          0          0 ]
[         0          0          0          0 ]
[         0          0          0          0 ]
step =           2
get_matrix_a[          1] =     5
get_matrix_a[          2] =    10
get_matrix_a[          3] =    15
get_matrix_b[          1] =     2
get_matrix_b[          2] =     7
get_matrix_b[          3] =    12
[        52          0          0          0 ]
[         0          0          0          0 ]
[         0          0          0          0 ]
[         0          0          0          0 ]
step =           3
get_matrix_a[          0] =     1
get_matrix_a[          1] =     6
get_matrix_a[          2] =    11
get_matrix_a[          3] =    16
get_matrix_b[          0] =     1
get_matrix_b[          1] =     6
get_matrix_b[          2] =    11
get_matrix_b[          3] =    16
[        79         56          0          0 ]
[       104          0          0          0 ]
[         0          0          0          0 ]
[         0          0          0          0 ]
step =           4
get_matrix_a[          0] =     2
get_matrix_a[          1] =     7
get_matrix_a[          2] =    12
get_matrix_b[          0] =     5
get_matrix_b[          1] =    10
get_matrix_b[          2] =    15
[        89         86         60          0 ]
[       167        112          0          0 ]
[       156          0          0          0 ]
[         0          0          0          0 ]
step =           5
get_matrix_a[          0] =     3
get_matrix_a[          1] =     8
get_matrix_b[          0] =     9
get_matrix_b[          1] =    14
[        90         98         93         64 ]
[       197        182        120          0 ]
[       255        168          0          0 ]
[       208          0          0          0 ]
step =           6
get_matrix_a[          0] =     4
get_matrix_b[          0] =    13
[        90        100        107        100 ]
[       202        218        197        128 ]
[       305        278        180          0 ]
[       343        224          0          0 ]
step =           7
[        90        100        110        116 ]
[       202        228        239        212 ]
[       314        338        301        192 ]
[       413        374        240          0 ]
Matrix multiplication took 7 clock cycles.
result:
[        90        100        110        120 ]
[       202        228        254        280 ]
[       314        356        398        440 ]
[       426        484        542        600 ]
$finish called at time : 125 ns : File "/scratch/asicfab/a/vkevat/Systolic-Array-for-Matrix-Multiplication/rtl/systolic_array_tb.sv" Line 128
INFO: [USF-XSim-96] XSim completed. Design snapshot 'systolic_array_tb_behav' loaded.
INFO: [USF-XSim-97] XSim simulation ran for 1000ns
launch_simulation: Time (s): cpu = 00:00:06 ; elapsed = 00:00:06 . Memory (MB): peak = 8468.461 ; gain = 2.996 ; free physical = 58092 ; free virtual = 167989
close_sim
INFO: [Simtcl 6-16] Simulation closed
launch_simulation
Command: launch_simulation 
INFO: [Vivado 12-12493] Simulation top is 'systolic_array_tb'
INFO: [Vivado 12-5682] Launching behavioral simulation in '/scratch/asicfab/a/vkevat/Systolic-Array-for-Matrix-Multiplication/rtl/vivado_simulation/vivado_simulation.sim/sim_1/behav/xsim'
INFO: [SIM-utils-51] Simulation object is 'sim_1'
INFO: [SIM-utils-72] Using boost library from '/package/eda/xilinx/Vivado/2023.2/tps/boost_1_72_0'
INFO: [SIM-utils-54] Inspecting design source files for 'systolic_array_tb' in fileset 'sim_1'...
INFO: [USF-XSim-97] Finding global include files...
INFO: [USF-XSim-98] Fetching design files from 'sim_1'...
INFO: [USF-XSim-2] XSim::Compile design
INFO: [USF-XSim-61] Executing 'COMPILE and ANALYZE' step in '/scratch/asicfab/a/vkevat/Systolic-Array-for-Matrix-Multiplication/rtl/vivado_simulation/vivado_simulation.sim/sim_1/behav/xsim'
xvlog --incr --relax -L uvm -prj systolic_array_tb_vlog.prj
Waiting for jobs to finish...
No pending jobs, compilation finished.
INFO: [USF-XSim-69] 'compile' step finished in '2' seconds
INFO: [USF-XSim-3] XSim::Elaborate design
INFO: [USF-XSim-61] Executing 'ELABORATE' step in '/scratch/asicfab/a/vkevat/Systolic-Array-for-Matrix-Multiplication/rtl/vivado_simulation/vivado_simulation.sim/sim_1/behav/xsim'
xelab --incr --debug typical --relax --mt 8 -L xil_defaultlib -L uvm -L unisims_ver -L unimacro_ver -L secureip --snapshot systolic_array_tb_behav xil_defaultlib.systolic_array_tb xil_defaultlib.glbl -log elaborate.log
Vivado Simulator v2023.2
Copyright 1986-2022 Xilinx, Inc. All Rights Reserved.
Copyright 2022-2023 Advanced Micro Devices, Inc. All Rights Reserved.
Running: /package/eda/xilinx/Vivado/2023.2/bin/unwrapped/lnx64.o/xelab --incr --debug typical --relax --mt 8 -L xil_defaultlib -L uvm -L unisims_ver -L unimacro_ver -L secureip --snapshot systolic_array_tb_behav xil_defaultlib.systolic_array_tb xil_defaultlib.glbl -log elaborate.log 
Using 8 slave threads.
Starting static elaboration
Pass Through NonSizing Optimizer
Completed static elaboration
INFO: [XSIM 43-4323] No Change in HDL. Linking previously generated obj files to create kernel
INFO: [USF-XSim-69] 'elaborate' step finished in '2' seconds
INFO: [USF-XSim-4] XSim::Simulate design
INFO: [USF-XSim-61] Executing 'SIMULATE' step in '/scratch/asicfab/a/vkevat/Systolic-Array-for-Matrix-Multiplication/rtl/vivado_simulation/vivado_simulation.sim/sim_1/behav/xsim'
INFO: [USF-XSim-98] *** Running xsim
   with args "systolic_array_tb_behav -key {Behavioral:sim_1:Functional:systolic_array_tb} -tclbatch {systolic_array_tb.tcl} -log {simulate.log}"
INFO: [USF-XSim-8] Loading simulator feature
Time resolution is 1 ps
source systolic_array_tb.tcl
# set curr_wave [current_wave_config]
# if { [string length $curr_wave] == 0 } {
#   if { [llength [get_objects]] > 0} {
#     add_wave /
#     set_property needs_save false [current_wave_config]
#   } else {
#      send_msg_id Add_Wave-1 WARNING "No top level signals found. Simulator will start without a wave window. If you want to open a wave window go to 'File->New Waveform Configuration' or type 'create_wave_config' in the TCL console."
#   }
# }
# run 1000ns
start test
step =           0
get_matrix_a[          3] =    13
get_matrix_b[          3] =     4
[         0          0          0          0 ]
[         0          0          0          0 ]
[         0          0          0          0 ]
[         0          0          0          0 ]
step =           1
get_matrix_a[          2] =     9
get_matrix_a[          3] =    14
get_matrix_b[          2] =     3
get_matrix_b[          3] =     8
[         0          0          0          0 ]
[         0          0          0          0 ]
[         0          0          0          0 ]
[         0          0          0          0 ]
step =           2
get_matrix_a[          1] =     5
get_matrix_a[          2] =    10
get_matrix_a[          3] =    15
get_matrix_b[          1] =     2
get_matrix_b[          2] =     7
get_matrix_b[          3] =    12
[        52          0          0          0 ]
[         0          0          0          0 ]
[         0          0          0          0 ]
[         0          0          0          0 ]
step =           3
get_matrix_a[          0] =     1
get_matrix_a[          1] =     6
get_matrix_a[          2] =    11
get_matrix_a[          3] =    16
get_matrix_b[          0] =     1
get_matrix_b[          1] =     6
get_matrix_b[          2] =    11
get_matrix_b[          3] =    16
[        79         56          0          0 ]
[       104          0          0          0 ]
[         0          0          0          0 ]
[         0          0          0          0 ]
step =           4
get_matrix_a[          0] =     2
get_matrix_a[          1] =     7
get_matrix_a[          2] =    12
get_matrix_b[          0] =     5
get_matrix_b[          1] =    10
get_matrix_b[          2] =    15
[        89         86         60          0 ]
[       167        112          0          0 ]
[       156          0          0          0 ]
[         0          0          0          0 ]
step =           5
get_matrix_a[          0] =     3
get_matrix_a[          1] =     8
get_matrix_b[          0] =     9
get_matrix_b[          1] =    14
[        90         98         93         64 ]
[       197        182        120          0 ]
[       255        168          0          0 ]
[       208          0          0          0 ]
step =           6
get_matrix_a[          0] =     4
get_matrix_b[          0] =    13
[        90        100        107        100 ]
[       202        218        197        128 ]
[       305        278        180          0 ]
[       343        224          0          0 ]
step =           7
[        90        100        110        116 ]
[       202        228        239        212 ]
[       314        338        301        192 ]
[       413        374        240          0 ]
Matrix multiplication took 7 clock cycles.
result:
[        90        100        110        120 ]
[       202        228        254        280 ]
[       314        356        398        440 ]
[       426        484        542        600 ]
$finish called at time : 125 ns : File "/scratch/asicfab/a/vkevat/Systolic-Array-for-Matrix-Multiplication/rtl/systolic_array_tb.sv" Line 128
INFO: [USF-XSim-96] XSim completed. Design snapshot 'systolic_array_tb_behav' loaded.
INFO: [USF-XSim-97] XSim simulation ran for 1000ns
launch_simulation: Time (s): cpu = 00:00:05 ; elapsed = 00:00:06 . Memory (MB): peak = 8474.473 ; gain = 6.008 ; free physical = 58054 ; free virtual = 167956
close_sim
INFO: [Simtcl 6-16] Simulation closed
launch_simulation
Command: launch_simulation 
INFO: [Vivado 12-12493] Simulation top is 'systolic_array_tb'
INFO: [Vivado 12-5682] Launching behavioral simulation in '/scratch/asicfab/a/vkevat/Systolic-Array-for-Matrix-Multiplication/rtl/vivado_simulation/vivado_simulation.sim/sim_1/behav/xsim'
INFO: [SIM-utils-51] Simulation object is 'sim_1'
INFO: [SIM-utils-72] Using boost library from '/package/eda/xilinx/Vivado/2023.2/tps/boost_1_72_0'
INFO: [SIM-utils-54] Inspecting design source files for 'systolic_array_tb' in fileset 'sim_1'...
INFO: [USF-XSim-97] Finding global include files...
INFO: [USF-XSim-98] Fetching design files from 'sim_1'...
INFO: [USF-XSim-2] XSim::Compile design
INFO: [USF-XSim-61] Executing 'COMPILE and ANALYZE' step in '/scratch/asicfab/a/vkevat/Systolic-Array-for-Matrix-Multiplication/rtl/vivado_simulation/vivado_simulation.sim/sim_1/behav/xsim'
xvlog --incr --relax -L uvm -prj systolic_array_tb_vlog.prj
Waiting for jobs to finish...
No pending jobs, compilation finished.
INFO: [USF-XSim-69] 'compile' step finished in '2' seconds
INFO: [USF-XSim-3] XSim::Elaborate design
INFO: [USF-XSim-61] Executing 'ELABORATE' step in '/scratch/asicfab/a/vkevat/Systolic-Array-for-Matrix-Multiplication/rtl/vivado_simulation/vivado_simulation.sim/sim_1/behav/xsim'
xelab --incr --debug typical --relax --mt 8 -L xil_defaultlib -L uvm -L unisims_ver -L unimacro_ver -L secureip --snapshot systolic_array_tb_behav xil_defaultlib.systolic_array_tb xil_defaultlib.glbl -log elaborate.log
Vivado Simulator v2023.2
Copyright 1986-2022 Xilinx, Inc. All Rights Reserved.
Copyright 2022-2023 Advanced Micro Devices, Inc. All Rights Reserved.
Running: /package/eda/xilinx/Vivado/2023.2/bin/unwrapped/lnx64.o/xelab --incr --debug typical --relax --mt 8 -L xil_defaultlib -L uvm -L unisims_ver -L unimacro_ver -L secureip --snapshot systolic_array_tb_behav xil_defaultlib.systolic_array_tb xil_defaultlib.glbl -log elaborate.log 
Using 8 slave threads.
Starting static elaboration
Pass Through NonSizing Optimizer
Completed static elaboration
INFO: [XSIM 43-4323] No Change in HDL. Linking previously generated obj files to create kernel
INFO: [USF-XSim-69] 'elaborate' step finished in '2' seconds
INFO: [USF-XSim-4] XSim::Simulate design
INFO: [USF-XSim-61] Executing 'SIMULATE' step in '/scratch/asicfab/a/vkevat/Systolic-Array-for-Matrix-Multiplication/rtl/vivado_simulation/vivado_simulation.sim/sim_1/behav/xsim'
INFO: [USF-XSim-98] *** Running xsim
   with args "systolic_array_tb_behav -key {Behavioral:sim_1:Functional:systolic_array_tb} -tclbatch {systolic_array_tb.tcl} -log {simulate.log}"
INFO: [USF-XSim-8] Loading simulator feature
Time resolution is 1 ps
source systolic_array_tb.tcl
# set curr_wave [current_wave_config]
# if { [string length $curr_wave] == 0 } {
#   if { [llength [get_objects]] > 0} {
#     add_wave /
#     set_property needs_save false [current_wave_config]
#   } else {
#      send_msg_id Add_Wave-1 WARNING "No top level signals found. Simulator will start without a wave window. If you want to open a wave window go to 'File->New Waveform Configuration' or type 'create_wave_config' in the TCL console."
#   }
# }
# run 1000ns
start test
step =           0
get_matrix_a[          3] =    13
get_matrix_b[          3] =     4
[         0          0          0          0 ]
[         0          0          0          0 ]
[         0          0          0          0 ]
[         0          0          0          0 ]
step =           1
get_matrix_a[          2] =     9
get_matrix_a[          3] =    14
get_matrix_b[          2] =     3
get_matrix_b[          3] =     8
[         0          0          0          0 ]
[         0          0          0          0 ]
[         0          0          0          0 ]
[         0          0          0          0 ]
step =           2
get_matrix_a[          1] =     5
get_matrix_a[          2] =    10
get_matrix_a[          3] =    15
get_matrix_b[          1] =     2
get_matrix_b[          2] =     7
get_matrix_b[          3] =    12
[        52          0          0          0 ]
[         0          0          0          0 ]
[         0          0          0          0 ]
[         0          0          0          0 ]
step =           3
get_matrix_a[          0] =     1
get_matrix_a[          1] =     6
get_matrix_a[          2] =    11
get_matrix_a[          3] =    16
get_matrix_b[          0] =     1
get_matrix_b[          1] =     6
get_matrix_b[          2] =    11
get_matrix_b[          3] =    16
[        79         56          0          0 ]
[       104          0          0          0 ]
[         0          0          0          0 ]
[         0          0          0          0 ]
step =           4
get_matrix_a[          0] =     2
get_matrix_a[          1] =     7
get_matrix_a[          2] =    12
get_matrix_b[          0] =     5
get_matrix_b[          1] =    10
get_matrix_b[          2] =    15
[        89         86         60          0 ]
[       167        112          0          0 ]
[       156          0          0          0 ]
[         0          0          0          0 ]
step =           5
get_matrix_a[          0] =     3
get_matrix_a[          1] =     8
get_matrix_b[          0] =     9
get_matrix_b[          1] =    14
[        90         98         93         64 ]
[       197        182        120          0 ]
[       255        168          0          0 ]
[       208          0          0          0 ]
step =           6
get_matrix_a[          0] =     4
get_matrix_b[          0] =    13
[        90        100        107        100 ]
[       202        218        197        128 ]
[       305        278        180          0 ]
[       343        224          0          0 ]
step =           7
[        90        100        110        116 ]
[       202        228        239        212 ]
[       314        338        301        192 ]
[       413        374        240          0 ]
Matrix multiplication took 7 clock cycles.
result:
[        90        100        110        120 ]
[       202        228        254        280 ]
[       314        356        398        440 ]
[       426        484        542        600 ]
$finish called at time : 125 ns : File "/scratch/asicfab/a/vkevat/Systolic-Array-for-Matrix-Multiplication/rtl/systolic_array_tb.sv" Line 128
INFO: [USF-XSim-96] XSim completed. Design snapshot 'systolic_array_tb_behav' loaded.
INFO: [USF-XSim-97] XSim simulation ran for 1000ns
launch_simulation: Time (s): cpu = 00:00:05 ; elapsed = 00:00:06 . Memory (MB): peak = 8474.473 ; gain = 0.000 ; free physical = 57959 ; free virtual = 167865
save_wave_config {/scratch/asicfab/a/vkevat/Systolic-Array-for-Matrix-Multiplication/rtl/vivado_simulation/systolic_array_tb_behav.wcfg}
close_sim
INFO: [Simtcl 6-16] Simulation closed
exit
INFO: [Common 17-206] Exiting Vivado at Wed Apr 30 14:25:23 2025...
